Microchip MPLAB XC8 Compiler V2.41

Linker command line:

-W-3 \
  --edf=C:\Program Files\Microchip\xc8\v2.41\pic\dat\20230208172133_en.msgs \
  -cn -h+dist/default/production\thermostat_control.X.production.sym \
  --cmf=dist/default/production\thermostat_control.X.production.cmf -z \
  -Q18F4550 -oC:\Users\lenor\AppData\Local\Temp\xcAsdpo.\driver_tmp_3.o \
  --defsym=__MPLAB_BUILD=1 --fixupoverflow=error \
  -Mdist/default/production/thermostat_control.X.production.map \
  --md=C:\Users\lenor\AppData\Local\Temp\xcAsdpo.\driver_tmp_0.dat -E1 \
  -ver=XC8 Compiler --acfsm=1493 -ACODE=00h-07FFFh -ACONST=00h-07FFFh \
  -ASMALLCONST=0800h-08FFhx120 -AMEDIUMCONST=0800h-07FFFh -ACOMRAM=01h-05Fh \
  -AABS1=00h-07FFh -ABIGRAM=01h-07FFh -ARAM=060h-0FFh,0100h-01FFhx7 \
  -ABANK0=060h-0FFh -ABANK1=0100h-01FFh -ABANK2=0200h-02FFh \
  -ABANK3=0300h-03FFh -ABANK4=0400h-04FFh -ABANK5=0500h-05FFh \
  -ABANK6=0600h-06FFh -ABANK7=0700h-07FFh -ASFR=0F60h-0FFFh \
  -ABIGSFR=0F60h-0FFFh -ACONFIG=0300000h-030000Dh -AIDLOC=0200000h-0200007h \
  -AEEDATA=0F00000h-0F000FFh -peeprom_data=EEDATA \
  -preset_vec=00h,intcode,intcodelo,powerup,init -pramtop=0800h \
  -psmallconst=SMALLCONST -pmediumconst=MEDIUMCONST -pconst=CONST \
  -AFARRAM=00h-00h \
  -prdata=COMRAM,nvrram=COMRAM,nvbit=COMRAM,rbss=COMRAM,rbit=COMRAM \
  -pfarbss=FARRAM,fardata=FARRAM,nvFARRAM=FARRAM \
  -pintsave_regs=BIGRAM,bigbss=BIGRAM,bigdata=BIGRAM -pbss=RAM \
  -pidata=CODE,irdata=CODE,ibigdata=CODE,ifardata=CODE -prparam=COMRAM \
  C:\Users\lenor\AppData\Local\Temp\xcAsdpo.\driver_tmp_9.o \
  dist/default/production\thermostat_control.X.production.o 

Object code version is 3.11

Machine type is 18F4550



                Name                               Link     Load   Length Selector   Space Scale
C:\Users\lenor\AppData\Local\Temp\xcAsdpo.\driver_tmp_9.o
                idloc                            200000   200000        8        0       5
                config                           300000   300000        E        0       4
                init                                  0        0        4        0       0
dist/default/production\thermostat_control.X.production.o
                idloc                            200000   200000        8        0       5
                config                           300000   300000        E        0       4
                text4                              7DF8     7DF8       2C     3EFC       0
                text3                              7DB2     7DB2       10     3ED9       0
                text2                              7DD6     7DD6       22     3EEB       0
                text1                              7E24     7E24       74     3F12       0
                text0                              7E98     7E98      168     3F4C       0
                cstackCOMRAM                          1        1        7        1       1
                bssCOMRAM                             8        8        5        1       1
                cinit                              7DC2     7DC2       14     3EE1       0

TOTAL           Name                               Link     Load   Length     Space
        CLASS   CODE           
                init                                  0        0        4         0
                text4                              7DF8     7DF8       2C         0
                text3                              7DB2     7DB2       10         0
                text2                              7DD6     7DD6       22         0
                text1                              7E24     7E24       74         0
                text0                              7E98     7E98      168         0
                cinit                              7DC2     7DC2       14         0

        CLASS   CONST          

        CLASS   SMALLCONST     

        CLASS   MEDIUMCONST    

        CLASS   COMRAM         
                cstackCOMRAM                          1        1        7         1
                bssCOMRAM                             8        8        5         1

        CLASS   ABS1           

        CLASS   BIGRAM         

        CLASS   RAM            

        CLASS   BANK0          

        CLASS   BANK1          

        CLASS   BANK2          

        CLASS   BANK3          

        CLASS   BANK4          

        CLASS   BANK5          

        CLASS   BANK6          

        CLASS   BANK7          

        CLASS   SFR            

        CLASS   BIGSFR         

        CLASS   CONFIG         
                config                           300000   300000        E         4

        CLASS   IDLOC          
                idloc                            200000   200000        8         5

        CLASS   EEDATA         

        CLASS   FARRAM         

        CLASS   HEAP           

        CLASS   STACK          



SEGMENTS        Name                           Load    Length   Top    Selector   Space  Class

                reset_vec                      000000  000004  000004         0       0  CODE    
                cstackCOMRAM                   000001  00000C  00000D         1       1  COMRAM  
                text3                          007DB2  000010  007DC2      3ED9       0  CODE    
                cinit                          007DC2  000014  007DD6      3EE1       0  CODE    
                text2                          007DD6  000022  007DF8      3EEB       0  CODE    
                text4                          007DF8  00002C  007E24      3EFC       0  CODE    
                text1                          007E24  000074  007E98      3F12       0  CODE    
                text0                          007E98  000168  008000      3F4C       0  CODE    


UNUSED ADDRESS RANGES

        Name                Unused          Largest block    Delta
        BANK0            000060-0000FF               A0
        BANK1            000100-0001FF              100
        BANK2            000200-0002FF              100
        BANK3            000300-0003FF              100
        BANK4            000400-0004FF              100
        BANK5            000500-0005FF              100
        BANK6            000600-0006FF              100
        BANK7            000700-0007FF              100
        BIGRAM           00000D-0007FF              7F3
        BIGSFR           000F60-000FFF               A0
        CODE             000004-007DB1             7DAE
        COMRAM           00000D-00005F               53
        CONST            000004-007DB1             7DAE
        EEDATA           F00000-F000FF              100
        MEDIUMCONST      000800-007DB1             75B2
        RAM              000060-0007FF              100
        SFR              000F60-000FFF               A0
        SMALLCONST       000800-007DB1              100

                                  Symbol Table

_ADCON1                    (abs)        000FC1
_CCP1CONbits               (abs)        000FBD
_CCPR1L                    (abs)        000FBE
_IS_MMC                    bssCOMRAM    00000B
_IS_ON                     bssCOMRAM    00000C
_MMC_BF                    bssCOMRAM    000008
_PORTAbits                 (abs)        000F80
_PORTC                     (abs)        000F82
_PORTCbits                 (abs)        000F82
_POWER_BF                  bssCOMRAM    000009
_PR2                       (abs)        000FCB
_SPEED_SELECTED            bssCOMRAM    00000A
_T2CONbits                 (abs)        000FCA
_TMR2                      (abs)        000FCC
_TRISA                     (abs)        000F92
_TRISC                     (abs)        000F94
__HRAM                     (abs)        000000
__H__absolute__            __absolute__ 000000
__Habs1                    abs1         000000
__Hbank0                   bank0        000000
__Hbank1                   bank1        000000
__Hbank2                   bank2        000000
__Hbank3                   bank3        000000
__Hbank4                   bank4        000000
__Hbank5                   bank5        000000
__Hbank6                   bank6        000000
__Hbank7                   bank7        000000
__Hbigbss                  bigbss       000000
__Hbigdata                 bigdata      000000
__Hbigram                  bigram       000000
__Hbigsfr                  bigsfr       000000
__Hbss                     bss          000000
__HbssCOMRAM               bssCOMRAM    000000
__Hcinit                   cinit        000000
__Hclrtext                 clrtext      000000
__Hcomram                  comram       000000
__Hconfig                  config       30000E
__Hconst                   const        000000
__HcstackCOMRAM            cstackCOMRAM 000000
__Hdata                    data         000000
__Heeprom_data             eeprom_data  000000
__Hfarbss                  farbss       000000
__Hfardata                 fardata      000000
__Hheap                    heap         000000
__Hibigdata                ibigdata     000000
__Hidata                   idata        000000
__Hidloc                   idloc        200008
__Hifardata                ifardata     000000
__Hinit                    init         000004
__Hintcode                 intcode      000000
__Hintcode_body            intcode_body 000000
__Hintcodelo               intcodelo    000000
__Hintentry                intentry     000000
__Hintret                  intret       000000
__Hintsave_regs            intsave_regs 000000
__Hirdata                  irdata       000000
__Hmediumconst             mediumconst  000000
__HnvFARRAM                nvFARRAM     000000
__Hnvbit                   nvbit        000000
__Hnvrram                  nvrram       000000
__Hparam                   rparam       000000
__Hpowerup                 powerup      000000
__Hram                     ram          000000
__Hramtop                  ramtop       000800
__Hrbit                    rbit         000000
__Hrbss                    rbss         000000
__Hrdata                   rdata        000000
__Hreset_vec               reset_vec    000000
__Hrparam                  rparam       000000
__Hsfr                     sfr          000000
__Hsmallconst              smallconst   000000
__Hspace_0                 (abs)        008000
__Hspace_1                 (abs)        00000D
__Hspace_2                 (abs)        000000
__Hspace_4                 (abs)        60000E
__Hstack                   stack        000000
__Hstruct                  struct       000000
__Htemp                    temp         000000
__Htext                    text         000000
__Htext0                   text0        000000
__Htext1                   text1        000000
__Htext2                   text2        000000
__Htext3                   text3        000000
__Htext4                   text4        000000
__LRAM                     (abs)        000001
__L__absolute__            __absolute__ 000000
__Labs1                    abs1         000000
__Lbank0                   bank0        000000
__Lbank1                   bank1        000000
__Lbank2                   bank2        000000
__Lbank3                   bank3        000000
__Lbank4                   bank4        000000
__Lbank5                   bank5        000000
__Lbank6                   bank6        000000
__Lbank7                   bank7        000000
__Lbigbss                  bigbss       000000
__Lbigdata                 bigdata      000000
__Lbigram                  bigram       000000
__Lbigsfr                  bigsfr       000000
__Lbss                     bss          000000
__LbssCOMRAM               bssCOMRAM    000000
__Lcinit                   cinit        000000
__Lclrtext                 clrtext      000000
__Lcomram                  comram       000000
__Lconfig                  config       000000
__Lconst                   const        000000
__LcstackCOMRAM            cstackCOMRAM 000000
__Ldata                    data         000000
__Leeprom_data             eeprom_data  000000
__Lfarbss                  farbss       000000
__Lfardata                 fardata      000000
__Lheap                    heap         000000
__Libigdata                ibigdata     000000
__Lidata                   idata        000000
__Lidloc                   idloc        000000
__Lifardata                ifardata     000000
__Linit                    init         000000
__Lintcode                 intcode      000000
__Lintcode_body            intcode_body 000000
__Lintcodelo               intcodelo    000000
__Lintentry                intentry     000000
__Lintret                  intret       000000
__Lintsave_regs            intsave_regs 000000
__Lirdata                  irdata       000000
__Lmediumconst             mediumconst  000000
__LnvFARRAM                nvFARRAM     000000
__Lnvbit                   nvbit        000000
__Lnvrram                  nvrram       000000
__Lparam                   rparam       000000
__Lpowerup                 powerup      000000
__Lram                     ram          000000
__Lramtop                  ramtop       000800
__Lrbit                    rbit         000000
__Lrbss                    rbss         000000
__Lrdata                   rdata        000000
__Lreset_vec               reset_vec    000000
__Lrparam                  rparam       000000
__Lsfr                     sfr          000000
__Lsmallconst              smallconst   000000
__Lspace_0                 (abs)        000000
__Lspace_1                 (abs)        000000
__Lspace_2                 (abs)        000000
__Lspace_4                 (abs)        000000
__Lstack                   stack        000000
__Lstruct                  struct       000000
__Ltemp                    temp         000000
__Ltext                    text         000000
__Ltext0                   text0        000000
__Ltext1                   text1        000000
__Ltext2                   text2        000000
__Ltext3                   text3        000000
__Ltext4                   text4        000000
__S0                       (abs)        008000
__S1                       (abs)        00000D
__S4                       (abs)        000000
__S5                       (abs)        000000
___heap_hi                 (abs)        000000
___heap_lo                 (abs)        000000
___inthi_sp                stack        000000
___intlo_sp                stack        000000
___param_bank              (abs)        000000
___rparam_used             (abs)        000001
___sp                      stack        000000
__accesstop                (abs)        000060
__activetblptr             (abs)        000002
__end_of__initialization   cinit        007DCC
__end_of_configurePWM      text2        007DF8
__end_of_get_current_speed text4        007E24
__end_of_main              text0        008000
__end_of_turn_off          text3        007DC2
__end_of_update_speed      text1        007E98
__initialization           cinit        007DC2
__mediumconst              mediumconst  000000
__pbssCOMRAM               bssCOMRAM    000008
__pcinit                   cinit        007DC2
__pcstackCOMRAM            cstackCOMRAM 000001
__ptext0                   text0        007E98
__ptext1                   text1        007E24
__ptext2                   text2        007DD6
__ptext3                   text3        007DB2
__ptext4                   text4        007DF8
__ramtop                   ramtop       000800
__smallconst               smallconst   000000
_configurePWM              text2        007DD6
_get_current_speed         text4        007DF8
_main                      text0        007E98
_turn_off                  text3        007DB2
_update_speed              text1        007E24
configurePWM@ccpr1l_value  cstackCOMRAM 000001
configurePWM@pr2_value     cstackCOMRAM 000003
configurePWM@prescale      cstackCOMRAM 000002
end_of_initialization      cinit        007DCC
intlevel0                  text         000000
intlevel1                  text         000000
intlevel2                  text         000000
intlevel3                  text         000000
isa$std                    (abs)        000001
isa$xinst                  (abs)        000000
main@current_speed         cstackCOMRAM 000007
stackhi                    (abs)        000000
stacklo                    (abs)        000000
start                      init         000000
start_initialization       cinit        007DC2
update_speed@new_value     cstackCOMRAM 000006


MODULE INFORMATION

Module		Function		Class		Link	Load	Size
shared
		__initialization		CODE           	7DC2	0000	10

shared estimated size: 10

main.c
		_configurePWM  		CODE           	7DD6	0000	34
		_main          		CODE           	7E98	0000	360
		_get_current_speed		CODE           	7DF8	0000	44
		_update_speed  		CODE           	7E24	0000	116
		_turn_off      		CODE           	7DB2	0000	16

main.c estimated size: 570

